[INFO] Scanning for projects...
[INFO] 
[INFO] ----------------------< scripts:ai-combat-script >----------------------
[INFO] Building AI Combat Script 1.0
[INFO]   from pom.xml
[INFO] --------------------------------[ jar ]---------------------------------
[INFO] 
[INFO] --- clean:3.2.0:clean (default-clean) @ ai-combat-script ---
[INFO] Deleting C:\Users\enlil\Desktop\AI Combat OSRS\target
[INFO] 
[INFO] --- resources:3.3.1:resources (default-resources) @ ai-combat-script ---
[INFO] skip non existing resourceDirectory C:\Users\enlil\Desktop\AI Combat OSRS\src\main\resources
[INFO] 
[INFO] --- compiler:3.8.1:compile (default-compile) @ ai-combat-script ---
[INFO] Changes detected - recompiling the module!
[INFO] Compiling 10 source files to C:\Users\enlil\Desktop\AI Combat OSRS\target\classes
[INFO] /C:/Users/enlil/Desktop/AI Combat OSRS/src/main/java/combat/CombatStyleManager.java: C:\Users\enlil\Desktop\AI Combat OSRS\src\main\java\combat\CombatStyleManager.java uses or overrides a deprecated API.
[INFO] /C:/Users/enlil/Desktop/AI Combat OSRS/src/main/java/combat/CombatStyleManager.java: Recompile with -Xlint:deprecation for details.
[INFO] Some messages have been simplified; recompile with -Xdiags:verbose to get full output
[INFO] -------------------------------------------------------------
[ERROR] COMPILATION ERROR : 
[INFO] -------------------------------------------------------------
[ERROR] /C:/Users/enlil/Desktop/AI Combat OSRS/src/main/java/combat/EquipmentManager.java:[70,27] cannot find symbol
  symbol:   class EquipmentSlot
  location: class combat.EquipmentManager.EquipmentSet
[ERROR] /C:/Users/enlil/Desktop/AI Combat OSRS/src/main/java/combat/EquipmentManager.java:[80,51] cannot find symbol
  symbol:   class EquipmentSlot
  location: class org.dreambot.api.methods.container.impl.equipment.Equipment
[ERROR] /C:/Users/enlil/Desktop/AI Combat OSRS/src/main/java/combat/EquipmentManager.java:[92,29] cannot find symbol
  symbol:   class EquipmentSlot
  location: class org.dreambot.api.methods.container.impl.equipment.Equipment
[ERROR] /C:/Users/enlil/Desktop/AI Combat OSRS/src/main/java/combat/WeaponManager.java:[213,56] cannot find symbol
  symbol:   variable EquipmentSlot
  location: class org.dreambot.api.methods.container.impl.equipment.Equipment
[ERROR] /C:/Users/enlil/Desktop/AI Combat OSRS/src/main/java/combat/WeaponManager.java:[247,70] cannot find symbol
  symbol:   variable EquipmentSlot
  location: class org.dreambot.api.methods.container.impl.equipment.Equipment
[ERROR] /C:/Users/enlil/Desktop/AI Combat OSRS/src/main/java/combat/WeaponManager.java:[274,44] incompatible types: combat.CombatStyleManager.CombatStyle cannot be converted to combat.WeaponManager.AttackStyle
[ERROR] /C:/Users/enlil/Desktop/AI Combat OSRS/src/main/java/combat/WeaponManager.java:[305,27] incompatible types: combat.WeaponManager.AttackStyle cannot be converted to combat.CombatStyleManager.CombatStyle
[ERROR] /C:/Users/enlil/Desktop/AI Combat OSRS/src/main/java/combat/WeaponManager.java:[313,33] cannot find symbol
  symbol:   method getCombatLevel()
  location: class org.dreambot.api.methods.skills.Skills
[ERROR] /C:/Users/enlil/Desktop/AI Combat OSRS/src/main/java/combat/WeaponManager.java:[318,33] cannot find symbol
  symbol:   method getCombatLevel()
  location: class org.dreambot.api.methods.skills.Skills
[ERROR] /C:/Users/enlil/Desktop/AI Combat OSRS/src/main/java/combat/WeaponManager.java:[330,33] cannot find symbol
  symbol:   method getCombatLevel()
  location: class org.dreambot.api.methods.skills.Skills
[ERROR] /C:/Users/enlil/Desktop/AI Combat OSRS/src/main/java/combat/WeaponManager.java:[406,42] cannot find symbol
  symbol:   method getCombatLevel()
  location: class org.dreambot.api.methods.skills.Skills
[ERROR] /C:/Users/enlil/Desktop/AI Combat OSRS/src/main/java/combat/WeaponManager.java:[419,74] cannot find symbol
  symbol:   method getCombatLevel()
  location: class org.dreambot.api.methods.skills.Skills
[ERROR] /C:/Users/enlil/Desktop/AI Combat OSRS/src/main/java/combat/WeaponManager.java:[459,26] no suitable method found for equip(java.lang.String)
    method org.dreambot.api.methods.container.impl.equipment.Equipment.equip(org.dreambot.api.methods.container.impl.equipment.EquipmentSlot,java.lang.Integer...) is not applicable
      (argument mismatch; java.lang.String cannot be converted to org.dreambot.api.methods.container.impl.equipment.EquipmentSlot)
    method org.dreambot.api.methods.container.impl.equipment.Equipment.equip(org.dreambot.api.methods.container.impl.equipment.EquipmentSlot,java.lang.String...) is not applicable
      (argument mismatch; java.lang.String cannot be converted to org.dreambot.api.methods.container.impl.equipment.EquipmentSlot)
[ERROR] /C:/Users/enlil/Desktop/AI Combat OSRS/src/main/java/combat/WeaponManager.java:[487,33] cannot find symbol
  symbol:   method getCombatLevel()
  location: class org.dreambot.api.methods.skills.Skills
[ERROR] /C:/Users/enlil/Desktop/AI Combat OSRS/src/main/java/combat/WeaponManager.java:[501,50] cannot find symbol
  symbol:   variable EquipmentSlot
  location: class org.dreambot.api.methods.container.impl.equipment.Equipment
[ERROR] /C:/Users/enlil/Desktop/AI Combat OSRS/src/main/java/combat/WeaponManager.java:[502,50] cannot find symbol
  symbol:   variable EquipmentSlot
  location: class org.dreambot.api.methods.container.impl.equipment.Equipment
[ERROR] /C:/Users/enlil/Desktop/AI Combat OSRS/src/main/java/combat/CombatStyleManager.java:[74,40] cannot find symbol
  symbol:   variable ATTACK
  location: class combat.CombatStyleManager.CombatStyle
[ERROR] /C:/Users/enlil/Desktop/AI Combat OSRS/src/main/java/combat/CombatStyleManager.java:[275,44] cannot find symbol
  symbol:   variable ATTACK
  location: class combat.CombatStyleManager.CombatStyle
[ERROR] /C:/Users/enlil/Desktop/AI Combat OSRS/src/main/java/combat/CombatStyleManager.java:[276,44] cannot find symbol
  symbol:   variable STRENGTH
  location: class combat.CombatStyleManager.CombatStyle
[ERROR] /C:/Users/enlil/Desktop/AI Combat OSRS/src/main/java/combat/CombatStyleManager.java:[277,44] cannot find symbol
  symbol:   variable DEFENCE
  location: class combat.CombatStyleManager.CombatStyle
[ERROR] /C:/Users/enlil/Desktop/AI Combat OSRS/src/main/java/combat/CombatStyleManager.java:[308,75] cannot find symbol
  symbol:   variable ATTACK
  location: class combat.CombatStyleManager.CombatStyle
[ERROR] /C:/Users/enlil/Desktop/AI Combat OSRS/src/main/java/combat/CombatStyleManager.java:[310,75] cannot find symbol
  symbol:   variable STRENGTH
  location: class combat.CombatStyleManager.CombatStyle
[ERROR] /C:/Users/enlil/Desktop/AI Combat OSRS/src/main/java/combat/CombatStyleManager.java:[314,43] cannot find symbol
  symbol:   variable DEFENCE
  location: class combat.CombatStyleManager.CombatStyle
[ERROR] /C:/Users/enlil/Desktop/AI Combat OSRS/src/main/java/combat/CombatStyleManager.java:[378,32] cannot find symbol
  symbol:   variable ATTACK
  location: class combat.CombatStyleManager.CombatStyle
[ERROR] /C:/Users/enlil/Desktop/AI Combat OSRS/src/main/java/combat/CombatStyleManager.java:[379,32] cannot find symbol
  symbol:   variable STRENGTH
  location: class combat.CombatStyleManager.CombatStyle
[ERROR] /C:/Users/enlil/Desktop/AI Combat OSRS/src/main/java/combat/CombatStyleManager.java:[380,32] cannot find symbol
  symbol:   variable DEFENCE
  location: class combat.CombatStyleManager.CombatStyle
[ERROR] /C:/Users/enlil/Desktop/AI Combat OSRS/src/main/java/combat/CombatStyleManager.java:[412,35] cannot find symbol
  symbol:   variable ATTACK
  location: class combat.CombatStyleManager.CombatStyle
[ERROR] /C:/Users/enlil/Desktop/AI Combat OSRS/src/main/java/combat/EquipmentManager.java:[44,95] cannot find symbol
  symbol:   variable MELEE_AGGRESSIVE
  location: class combat.CombatStyleManager.CombatStyle
[ERROR] /C:/Users/enlil/Desktop/AI Combat OSRS/src/main/java/combat/EquipmentManager.java:[206,36] cannot find symbol
  symbol:   variable EquipmentSlot
  location: class org.dreambot.api.methods.container.impl.equipment.Equipment
[ERROR] /C:/Users/enlil/Desktop/AI Combat OSRS/src/main/java/combat/EquipmentManager.java:[205,36] cannot find symbol
  symbol:   variable EquipmentSlot
  location: class org.dreambot.api.methods.container.impl.equipment.Equipment
[ERROR] /C:/Users/enlil/Desktop/AI Combat OSRS/src/main/java/combat/EquipmentManager.java:[204,36] cannot find symbol
  symbol:   variable EquipmentSlot
  location: class org.dreambot.api.methods.container.impl.equipment.Equipment
[ERROR] /C:/Users/enlil/Desktop/AI Combat OSRS/src/main/java/combat/EquipmentManager.java:[203,36] cannot find symbol
  symbol:   variable EquipmentSlot
  location: class org.dreambot.api.methods.container.impl.equipment.Equipment
[ERROR] /C:/Users/enlil/Desktop/AI Combat OSRS/src/main/java/combat/EquipmentManager.java:[202,36] cannot find symbol
  symbol:   variable EquipmentSlot
  location: class org.dreambot.api.methods.container.impl.equipment.Equipment
[ERROR] /C:/Users/enlil/Desktop/AI Combat OSRS/src/main/java/combat/EquipmentManager.java:[201,36] cannot find symbol
  symbol:   variable EquipmentSlot
  location: class org.dreambot.api.methods.container.impl.equipment.Equipment
[ERROR] /C:/Users/enlil/Desktop/AI Combat OSRS/src/main/java/combat/EquipmentManager.java:[200,36] cannot find symbol
  symbol:   variable EquipmentSlot
  location: class org.dreambot.api.methods.container.impl.equipment.Equipment
[ERROR] /C:/Users/enlil/Desktop/AI Combat OSRS/src/main/java/combat/EquipmentManager.java:[210,57] cannot find symbol
  symbol:   variable MELEE_AGGRESSIVE
  location: class combat.CombatStyleManager.CombatStyle
[ERROR] /C:/Users/enlil/Desktop/AI Combat OSRS/src/main/java/combat/EquipmentManager.java:[211,57] cannot find symbol
  symbol:   variable MELEE_ACCURATE
  location: class combat.CombatStyleManager.CombatStyle
[ERROR] /C:/Users/enlil/Desktop/AI Combat OSRS/src/main/java/combat/EquipmentManager.java:[212,57] cannot find symbol
  symbol:   variable MELEE_DEFENSIVE
  location: class combat.CombatStyleManager.CombatStyle
[ERROR] /C:/Users/enlil/Desktop/AI Combat OSRS/src/main/java/combat/EquipmentManager.java:[213,57] cannot find symbol
  symbol:   variable MELEE_CONTROLLED
  location: class combat.CombatStyleManager.CombatStyle
[ERROR] /C:/Users/enlil/Desktop/AI Combat OSRS/src/main/java/combat/EquipmentManager.java:[223,36] cannot find symbol
  symbol:   variable EquipmentSlot
  location: class org.dreambot.api.methods.container.impl.equipment.Equipment
[ERROR] /C:/Users/enlil/Desktop/AI Combat OSRS/src/main/java/combat/EquipmentManager.java:[222,36] cannot find symbol
  symbol:   variable EquipmentSlot
  location: class org.dreambot.api.methods.container.impl.equipment.Equipment
[ERROR] /C:/Users/enlil/Desktop/AI Combat OSRS/src/main/java/combat/EquipmentManager.java:[221,36] cannot find symbol
  symbol:   variable EquipmentSlot
  location: class org.dreambot.api.methods.container.impl.equipment.Equipment
[ERROR] /C:/Users/enlil/Desktop/AI Combat OSRS/src/main/java/combat/EquipmentManager.java:[220,36] cannot find symbol
  symbol:   variable EquipmentSlot
  location: class org.dreambot.api.methods.container.impl.equipment.Equipment
[ERROR] /C:/Users/enlil/Desktop/AI Combat OSRS/src/main/java/combat/EquipmentManager.java:[219,36] cannot find symbol
  symbol:   variable EquipmentSlot
  location: class org.dreambot.api.methods.container.impl.equipment.Equipment
[ERROR] /C:/Users/enlil/Desktop/AI Combat OSRS/src/main/java/combat/EquipmentManager.java:[218,36] cannot find symbol
  symbol:   variable EquipmentSlot
  location: class org.dreambot.api.methods.container.impl.equipment.Equipment
[ERROR] /C:/Users/enlil/Desktop/AI Combat OSRS/src/main/java/combat/EquipmentManager.java:[217,36] cannot find symbol
  symbol:   variable EquipmentSlot
  location: class org.dreambot.api.methods.container.impl.equipment.Equipment
[ERROR] /C:/Users/enlil/Desktop/AI Combat OSRS/src/main/java/combat/EquipmentManager.java:[238,36] cannot find symbol
  symbol:   variable EquipmentSlot
  location: class org.dreambot.api.methods.container.impl.equipment.Equipment
[ERROR] /C:/Users/enlil/Desktop/AI Combat OSRS/src/main/java/combat/EquipmentManager.java:[237,36] cannot find symbol
  symbol:   variable EquipmentSlot
  location: class org.dreambot.api.methods.container.impl.equipment.Equipment
[ERROR] /C:/Users/enlil/Desktop/AI Combat OSRS/src/main/java/combat/EquipmentManager.java:[236,36] cannot find symbol
  symbol:   variable EquipmentSlot
  location: class org.dreambot.api.methods.container.impl.equipment.Equipment
[ERROR] /C:/Users/enlil/Desktop/AI Combat OSRS/src/main/java/combat/EquipmentManager.java:[235,36] cannot find symbol
  symbol:   variable EquipmentSlot
  location: class org.dreambot.api.methods.container.impl.equipment.Equipment
[ERROR] /C:/Users/enlil/Desktop/AI Combat OSRS/src/main/java/combat/EquipmentManager.java:[234,36] cannot find symbol
  symbol:   variable EquipmentSlot
  location: class org.dreambot.api.methods.container.impl.equipment.Equipment
[ERROR] /C:/Users/enlil/Desktop/AI Combat OSRS/src/main/java/combat/EquipmentManager.java:[233,36] cannot find symbol
  symbol:   variable EquipmentSlot
  location: class org.dreambot.api.methods.container.impl.equipment.Equipment
[ERROR] /C:/Users/enlil/Desktop/AI Combat OSRS/src/main/java/combat/EquipmentManager.java:[242,57] cannot find symbol
  symbol:   variable MAGIC_SPELL
  location: class combat.CombatStyleManager.CombatStyle
[ERROR] /C:/Users/enlil/Desktop/AI Combat OSRS/src/main/java/combat/EquipmentManager.java:[314,33] cannot find symbol
  symbol:   class EquipmentSlot
  location: class org.dreambot.api.methods.container.impl.equipment.Equipment
[ERROR] /C:/Users/enlil/Desktop/AI Combat OSRS/src/main/java/combat/EquipmentManager.java:[315,22] cannot find symbol
  symbol:   class EquipmentSlot
  location: class org.dreambot.api.methods.container.impl.equipment.Equipment
[ERROR] /C:/Users/enlil/Desktop/AI Combat OSRS/src/main/java/combat/EquipmentManager.java:[336,31] no suitable method found for equip(java.lang.String)
    method org.dreambot.api.methods.container.impl.equipment.Equipment.equip(org.dreambot.api.methods.container.impl.equipment.EquipmentSlot,java.lang.Integer...) is not applicable
      (argument mismatch; java.lang.String cannot be converted to org.dreambot.api.methods.container.impl.equipment.EquipmentSlot)
    method org.dreambot.api.methods.container.impl.equipment.Equipment.equip(org.dreambot.api.methods.container.impl.equipment.EquipmentSlot,java.lang.String...) is not applicable
      (argument mismatch; java.lang.String cannot be converted to org.dreambot.api.methods.container.impl.equipment.EquipmentSlot)
[ERROR] /C:/Users/enlil/Desktop/AI Combat OSRS/src/main/java/combat/EquipmentManager.java:[392,33] cannot find symbol
  symbol:   class EquipmentSlot
  location: class org.dreambot.api.methods.container.impl.equipment.Equipment
[ERROR] /C:/Users/enlil/Desktop/AI Combat OSRS/src/main/java/combat/EquipmentManager.java:[393,22] cannot find symbol
  symbol:   class EquipmentSlot
  location: class org.dreambot.api.methods.container.impl.equipment.Equipment
[ERROR] /C:/Users/enlil/Desktop/AI Combat OSRS/src/main/java/combat/EquipmentManager.java:[409,56] cannot find symbol
  symbol:   variable EquipmentSlot
  location: class org.dreambot.api.methods.container.impl.equipment.Equipment
[ERROR] /C:/Users/enlil/Desktop/AI Combat OSRS/src/main/java/combat/EquipmentManager.java:[470,33] cannot find symbol
  symbol:   method getCombatLevel()
  location: class org.dreambot.api.methods.skills.Skills
[ERROR] /C:/Users/enlil/Desktop/AI Combat OSRS/src/main/java/gui/CombatGUI.java:[100,47] cannot find symbol
  symbol:   method getSystemLookAndFeel()
  location: class javax.swing.UIManager
[ERROR] /C:/Users/enlil/Desktop/AI Combat OSRS/src/main/java/gui/CombatGUI.java:[116,56] incompatible types: javax.swing.JLabel cannot be converted to javax.swing.Icon
[ERROR] /C:/Users/enlil/Desktop/AI Combat OSRS/src/main/java/gui/CombatGUI.java:[117,57] incompatible types: javax.swing.JLabel cannot be converted to javax.swing.Icon
[ERROR] /C:/Users/enlil/Desktop/AI Combat OSRS/src/main/java/gui/CombatGUI.java:[118,57] incompatible types: javax.swing.JLabel cannot be converted to javax.swing.Icon
[ERROR] /C:/Users/enlil/Desktop/AI Combat OSRS/src/main/java/gui/CombatGUI.java:[119,58] incompatible types: javax.swing.JLabel cannot be converted to javax.swing.Icon
[ERROR] /C:/Users/enlil/Desktop/AI Combat OSRS/src/main/java/gui/CombatGUI.java:[120,60] incompatible types: javax.swing.JLabel cannot be converted to javax.swing.Icon
[ERROR] /C:/Users/enlil/Desktop/AI Combat OSRS/src/main/java/gui/CombatGUI.java:[515,39] cannot find symbol
  symbol:   method getStatistics()
  location: variable combatStyleManager of type combat.CombatStyleManager
[ERROR] /C:/Users/enlil/Desktop/AI Combat OSRS/src/main/java/gui/CombatGUI.java:[533,35] cannot find symbol
  symbol:   method getStatistics()
  location: variable antiBanManager of type antiban.AntiBanManager
[ERROR] /C:/Users/enlil/Desktop/AI Combat OSRS/src/main/java/gui/CombatGUI.java:[649,24] cannot find symbol
  symbol:   method setBankingEnabled(boolean)
  location: variable bankManager of type economy.BankManager
[ERROR] /C:/Users/enlil/Desktop/AI Combat OSRS/src/main/java/gui/CombatGUI.java:[650,24] cannot find symbol
  symbol:   method setDepositJunkItems(boolean)
  location: variable bankManager of type economy.BankManager
[ERROR] /C:/Users/enlil/Desktop/AI Combat OSRS/src/main/java/gui/CombatGUI.java:[651,24] cannot find symbol
  symbol:   method setWithdrawFood(boolean)
  location: variable bankManager of type economy.BankManager
[ERROR] /C:/Users/enlil/Desktop/AI Combat OSRS/src/main/java/gui/CombatGUI.java:[652,24] cannot find symbol
  symbol:   method setWithdrawPotions(boolean)
  location: variable bankManager of type economy.BankManager
[ERROR] /C:/Users/enlil/Desktop/AI Combat OSRS/src/main/java/gui/CombatGUI.java:[653,24] cannot find symbol
  symbol:   method setMinFoodAmount(java.lang.Integer)
  location: variable bankManager of type economy.BankManager
[ERROR] /C:/Users/enlil/Desktop/AI Combat OSRS/src/main/java/gui/CombatGUI.java:[654,24] cannot find symbol
  symbol:   method setMaxFoodAmount(java.lang.Integer)
  location: variable bankManager of type economy.BankManager
[ERROR] /C:/Users/enlil/Desktop/AI Combat OSRS/src/main/java/gui/CombatGUI.java:[655,24] cannot find symbol
  symbol:   method setMinPotionAmount(java.lang.Integer)
  location: variable bankManager of type economy.BankManager
[ERROR] /C:/Users/enlil/Desktop/AI Combat OSRS/src/main/java/gui/CombatGUI.java:[719,59] cannot find symbol
  symbol:   method resetStatistics()
  location: variable combatStyleManager of type combat.CombatStyleManager
[ERROR] /C:/Users/enlil/Desktop/AI Combat OSRS/src/main/java/gui/CombatGUI.java:[722,51] cannot find symbol
  symbol:   method resetStatistics()
  location: variable antiBanManager of type antiban.AntiBanManager
[ERROR] /C:/Users/enlil/Desktop/AI Combat OSRS/src/main/java/economy/BankManager.java:[184,24] method getArea in enum org.dreambot.api.methods.container.impl.bank.BankLocation cannot be applied to given types;
  required: int
  found: no arguments
  reason: actual and formal argument lists differ in length
[ERROR] /C:/Users/enlil/Desktop/AI Combat OSRS/src/main/java/economy/BankManager.java:[184,51] cannot find symbol
  symbol:   method getPlayerLocation()
  location: class org.dreambot.api.methods.walking.impl.Walking
[ERROR] /C:/Users/enlil/Desktop/AI Combat OSRS/src/main/java/economy/BankManager.java:[191,37] method getArea in enum org.dreambot.api.methods.container.impl.bank.BankLocation cannot be applied to given types;
  required: int
  found: no arguments
  reason: actual and formal argument lists differ in length
[ERROR] /C:/Users/enlil/Desktop/AI Combat OSRS/src/main/java/economy/BankManager.java:[192,54] method getArea in enum org.dreambot.api.methods.container.impl.bank.BankLocation cannot be applied to given types;
  required: int
  found: no arguments
  reason: actual and formal argument lists differ in length
[ERROR] /C:/Users/enlil/Desktop/AI Combat OSRS/src/main/java/economy/BankManager.java:[192,81] cannot find symbol
  symbol:   method getPlayerLocation()
  location: class org.dreambot.api.methods.walking.impl.Walking
[ERROR] /C:/Users/enlil/Desktop/AI Combat OSRS/src/main/java/economy/BankManager.java:[411,56] cannot find symbol
  symbol:   variable EquipmentSlot
  location: class org.dreambot.api.methods.container.impl.equipment.Equipment
[ERROR] /C:/Users/enlil/Desktop/AI Combat OSRS/src/main/java/economy/BankManager.java:[425,56] cannot find symbol
  symbol:   variable EquipmentSlot
  location: class org.dreambot.api.methods.container.impl.equipment.Equipment
[ERROR] /C:/Users/enlil/Desktop/AI Combat OSRS/src/main/java/scripts/AICombatScript.java:[114,24] constructor CombatEngine in class core.CombatEngine cannot be applied to given types;
  required: no arguments
  found: combat.CombatStyleManager,combat.TargetSelector
  reason: actual and formal argument lists differ in length
[ERROR] /C:/Users/enlil/Desktop/AI Combat OSRS/src/main/java/scripts/AICombatScript.java:[142,35] cannot find symbol
  symbol:   method setCurrentStyle(java.lang.String)
  location: variable combatStyleManager of type combat.CombatStyleManager
[ERROR] /C:/Users/enlil/Desktop/AI Combat OSRS/src/main/java/scripts/AICombatScript.java:[146,28] cannot find symbol
  symbol:   method setEnabled(java.lang.Boolean)
  location: variable bankManager of type economy.BankManager
[ERROR] /C:/Users/enlil/Desktop/AI Combat OSRS/src/main/java/scripts/AICombatScript.java:[162,28] cannot find symbol
  symbol:   method needsToBank()
  location: variable bankManager of type economy.BankManager
[ERROR] /C:/Users/enlil/Desktop/AI Combat OSRS/src/main/java/scripts/AICombatScript.java:[164,32] cannot find symbol
  symbol:   method handleBanking()
  location: variable bankManager of type economy.BankManager
[ERROR] /C:/Users/enlil/Desktop/AI Combat OSRS/src/main/java/scripts/AICombatScript.java:[173,33] cannot find symbol
  symbol:   method needsEquipmentChange()
  location: variable equipmentManager of type combat.EquipmentManager
[ERROR] /C:/Users/enlil/Desktop/AI Combat OSRS/src/main/java/scripts/AICombatScript.java:[175,33] cannot find symbol
  symbol:   method switchToOptimalEquipment()
  location: variable equipmentManager of type combat.EquipmentManager
[INFO] 91 errors 
[INFO] -------------------------------------------------------------
[INFO] ------------------------------------------------------------------------
[INFO] BUILD FAILURE
[INFO] ------------------------------------------------------------------------
[INFO] Total time:  2.823 s
[INFO] Finished at: 2025-06-20T15:08:41+02:00
[INFO] ------------------------------------------------------------------------
[ERROR] Failed to execute goal org.apache.maven.plugins:maven-compiler-plugin:3.8.1:compile (default-compile) on project ai-combat-script: Compilation failure: Compilation failure: 
[ERROR] /C:/Users/enlil/Desktop/AI Combat OSRS/src/main/java/combat/EquipmentManager.java:[70,27] cannot find symbol
[ERROR]   symbol:   class EquipmentSlot
[ERROR]   location: class combat.EquipmentManager.EquipmentSet
[ERROR] /C:/Users/enlil/Desktop/AI Combat OSRS/src/main/java/combat/EquipmentManager.java:[80,51] cannot find symbol
[ERROR]   symbol:   class EquipmentSlot
[ERROR]   location: class org.dreambot.api.methods.container.impl.equipment.Equipment
[ERROR] /C:/Users/enlil/Desktop/AI Combat OSRS/src/main/java/combat/EquipmentManager.java:[92,29] cannot find symbol
[ERROR]   symbol:   class EquipmentSlot
[ERROR]   location: class org.dreambot.api.methods.container.impl.equipment.Equipment
[ERROR] /C:/Users/enlil/Desktop/AI Combat OSRS/src/main/java/combat/WeaponManager.java:[213,56] cannot find symbol
[ERROR]   symbol:   variable EquipmentSlot
[ERROR]   location: class org.dreambot.api.methods.container.impl.equipment.Equipment
[ERROR] /C:/Users/enlil/Desktop/AI Combat OSRS/src/main/java/combat/WeaponManager.java:[247,70] cannot find symbol
[ERROR]   symbol:   variable EquipmentSlot
[ERROR]   location: class org.dreambot.api.methods.container.impl.equipment.Equipment
[ERROR] /C:/Users/enlil/Desktop/AI Combat OSRS/src/main/java/combat/WeaponManager.java:[274,44] incompatible types: combat.CombatStyleManager.CombatStyle cannot be converted to combat.WeaponManager.AttackStyle
[ERROR] /C:/Users/enlil/Desktop/AI Combat OSRS/src/main/java/combat/WeaponManager.java:[305,27] incompatible types: combat.WeaponManager.AttackStyle cannot be converted to combat.CombatStyleManager.CombatStyle
[ERROR] /C:/Users/enlil/Desktop/AI Combat OSRS/src/main/java/combat/WeaponManager.java:[313,33] cannot find symbol
[ERROR]   symbol:   method getCombatLevel()
[ERROR]   location: class org.dreambot.api.methods.skills.Skills
[ERROR] /C:/Users/enlil/Desktop/AI Combat OSRS/src/main/java/combat/WeaponManager.java:[318,33] cannot find symbol
[ERROR]   symbol:   method getCombatLevel()
[ERROR]   location: class org.dreambot.api.methods.skills.Skills
[ERROR] /C:/Users/enlil/Desktop/AI Combat OSRS/src/main/java/combat/WeaponManager.java:[330,33] cannot find symbol
[ERROR]   symbol:   method getCombatLevel()
[ERROR]   location: class org.dreambot.api.methods.skills.Skills
[ERROR] /C:/Users/enlil/Desktop/AI Combat OSRS/src/main/java/combat/WeaponManager.java:[406,42] cannot find symbol
[ERROR]   symbol:   method getCombatLevel()
[ERROR]   location: class org.dreambot.api.methods.skills.Skills
[ERROR] /C:/Users/enlil/Desktop/AI Combat OSRS/src/main/java/combat/WeaponManager.java:[419,74] cannot find symbol
[ERROR]   symbol:   method getCombatLevel()
[ERROR]   location: class org.dreambot.api.methods.skills.Skills
[ERROR] /C:/Users/enlil/Desktop/AI Combat OSRS/src/main/java/combat/WeaponManager.java:[459,26] no suitable method found for equip(java.lang.String)
[ERROR]     method org.dreambot.api.methods.container.impl.equipment.Equipment.equip(org.dreambot.api.methods.container.impl.equipment.EquipmentSlot,java.lang.Integer...) is not applicable
[ERROR]       (argument mismatch; java.lang.String cannot be converted to org.dreambot.api.methods.container.impl.equipment.EquipmentSlot)
[ERROR]     method org.dreambot.api.methods.container.impl.equipment.Equipment.equip(org.dreambot.api.methods.container.impl.equipment.EquipmentSlot,java.lang.String...) is not applicable
[ERROR]       (argument mismatch; java.lang.String cannot be converted to org.dreambot.api.methods.container.impl.equipment.EquipmentSlot)
[ERROR] /C:/Users/enlil/Desktop/AI Combat OSRS/src/main/java/combat/WeaponManager.java:[487,33] cannot find symbol
[ERROR]   symbol:   method getCombatLevel()
[ERROR]   location: class org.dreambot.api.methods.skills.Skills
[ERROR] /C:/Users/enlil/Desktop/AI Combat OSRS/src/main/java/combat/WeaponManager.java:[501,50] cannot find symbol
[ERROR]   symbol:   variable EquipmentSlot
[ERROR]   location: class org.dreambot.api.methods.container.impl.equipment.Equipment
[ERROR] /C:/Users/enlil/Desktop/AI Combat OSRS/src/main/java/combat/WeaponManager.java:[502,50] cannot find symbol
[ERROR]   symbol:   variable EquipmentSlot
[ERROR]   location: class org.dreambot.api.methods.container.impl.equipment.Equipment
[ERROR] /C:/Users/enlil/Desktop/AI Combat OSRS/src/main/java/combat/CombatStyleManager.java:[74,40] cannot find symbol
[ERROR]   symbol:   variable ATTACK
[ERROR]   location: class combat.CombatStyleManager.CombatStyle
[ERROR] /C:/Users/enlil/Desktop/AI Combat OSRS/src/main/java/combat/CombatStyleManager.java:[275,44] cannot find symbol
[ERROR]   symbol:   variable ATTACK
[ERROR]   location: class combat.CombatStyleManager.CombatStyle
[ERROR] /C:/Users/enlil/Desktop/AI Combat OSRS/src/main/java/combat/CombatStyleManager.java:[276,44] cannot find symbol
[ERROR]   symbol:   variable STRENGTH
[ERROR]   location: class combat.CombatStyleManager.CombatStyle
[ERROR] /C:/Users/enlil/Desktop/AI Combat OSRS/src/main/java/combat/CombatStyleManager.java:[277,44] cannot find symbol
[ERROR]   symbol:   variable DEFENCE
[ERROR]   location: class combat.CombatStyleManager.CombatStyle
[ERROR] /C:/Users/enlil/Desktop/AI Combat OSRS/src/main/java/combat/CombatStyleManager.java:[308,75] cannot find symbol
[ERROR]   symbol:   variable ATTACK
[ERROR]   location: class combat.CombatStyleManager.CombatStyle
[ERROR] /C:/Users/enlil/Desktop/AI Combat OSRS/src/main/java/combat/CombatStyleManager.java:[310,75] cannot find symbol
[ERROR]   symbol:   variable STRENGTH
[ERROR]   location: class combat.CombatStyleManager.CombatStyle
[ERROR] /C:/Users/enlil/Desktop/AI Combat OSRS/src/main/java/combat/CombatStyleManager.java:[314,43] cannot find symbol
[ERROR]   symbol:   variable DEFENCE
[ERROR]   location: class combat.CombatStyleManager.CombatStyle
[ERROR] /C:/Users/enlil/Desktop/AI Combat OSRS/src/main/java/combat/CombatStyleManager.java:[378,32] cannot find symbol
[ERROR]   symbol:   variable ATTACK
[ERROR]   location: class combat.CombatStyleManager.CombatStyle
[ERROR] /C:/Users/enlil/Desktop/AI Combat OSRS/src/main/java/combat/CombatStyleManager.java:[379,32] cannot find symbol
[ERROR]   symbol:   variable STRENGTH
[ERROR]   location: class combat.CombatStyleManager.CombatStyle
[ERROR] /C:/Users/enlil/Desktop/AI Combat OSRS/src/main/java/combat/CombatStyleManager.java:[380,32] cannot find symbol
[ERROR]   symbol:   variable DEFENCE
[ERROR]   location: class combat.CombatStyleManager.CombatStyle
[ERROR] /C:/Users/enlil/Desktop/AI Combat OSRS/src/main/java/combat/CombatStyleManager.java:[412,35] cannot find symbol
[ERROR]   symbol:   variable ATTACK
[ERROR]   location: class combat.CombatStyleManager.CombatStyle
[ERROR] /C:/Users/enlil/Desktop/AI Combat OSRS/src/main/java/combat/EquipmentManager.java:[44,95] cannot find symbol
[ERROR]   symbol:   variable MELEE_AGGRESSIVE
[ERROR]   location: class combat.CombatStyleManager.CombatStyle
[ERROR] /C:/Users/enlil/Desktop/AI Combat OSRS/src/main/java/combat/EquipmentManager.java:[206,36] cannot find symbol
[ERROR]   symbol:   variable EquipmentSlot
[ERROR]   location: class org.dreambot.api.methods.container.impl.equipment.Equipment
[ERROR] /C:/Users/enlil/Desktop/AI Combat OSRS/src/main/java/combat/EquipmentManager.java:[205,36] cannot find symbol
[ERROR]   symbol:   variable EquipmentSlot
[ERROR]   location: class org.dreambot.api.methods.container.impl.equipment.Equipment
[ERROR] /C:/Users/enlil/Desktop/AI Combat OSRS/src/main/java/combat/EquipmentManager.java:[204,36] cannot find symbol
[ERROR]   symbol:   variable EquipmentSlot
[ERROR]   location: class org.dreambot.api.methods.container.impl.equipment.Equipment
[ERROR] /C:/Users/enlil/Desktop/AI Combat OSRS/src/main/java/combat/EquipmentManager.java:[203,36] cannot find symbol
[ERROR]   symbol:   variable EquipmentSlot
[ERROR]   location: class org.dreambot.api.methods.container.impl.equipment.Equipment
[ERROR] /C:/Users/enlil/Desktop/AI Combat OSRS/src/main/java/combat/EquipmentManager.java:[202,36] cannot find symbol
[ERROR]   symbol:   variable EquipmentSlot
[ERROR]   location: class org.dreambot.api.methods.container.impl.equipment.Equipment
[ERROR] /C:/Users/enlil/Desktop/AI Combat OSRS/src/main/java/combat/EquipmentManager.java:[201,36] cannot find symbol
[ERROR]   symbol:   variable EquipmentSlot
[ERROR]   location: class org.dreambot.api.methods.container.impl.equipment.Equipment
[ERROR] /C:/Users/enlil/Desktop/AI Combat OSRS/src/main/java/combat/EquipmentManager.java:[200,36] cannot find symbol
[ERROR]   symbol:   variable EquipmentSlot
[ERROR]   location: class org.dreambot.api.methods.container.impl.equipment.Equipment
[ERROR] /C:/Users/enlil/Desktop/AI Combat OSRS/src/main/java/combat/EquipmentManager.java:[210,57] cannot find symbol
[ERROR]   symbol:   variable MELEE_AGGRESSIVE
[ERROR]   location: class combat.CombatStyleManager.CombatStyle
[ERROR] /C:/Users/enlil/Desktop/AI Combat OSRS/src/main/java/combat/EquipmentManager.java:[211,57] cannot find symbol
[ERROR]   symbol:   variable MELEE_ACCURATE
[ERROR]   location: class combat.CombatStyleManager.CombatStyle
[ERROR] /C:/Users/enlil/Desktop/AI Combat OSRS/src/main/java/combat/EquipmentManager.java:[212,57] cannot find symbol
[ERROR]   symbol:   variable MELEE_DEFENSIVE
[ERROR]   location: class combat.CombatStyleManager.CombatStyle
[ERROR] /C:/Users/enlil/Desktop/AI Combat OSRS/src/main/java/combat/EquipmentManager.java:[213,57] cannot find symbol
[ERROR]   symbol:   variable MELEE_CONTROLLED
[ERROR]   location: class combat.CombatStyleManager.CombatStyle
[ERROR] /C:/Users/enlil/Desktop/AI Combat OSRS/src/main/java/combat/EquipmentManager.java:[223,36] cannot find symbol
[ERROR]   symbol:   variable EquipmentSlot
[ERROR]   location: class org.dreambot.api.methods.container.impl.equipment.Equipment
[ERROR] /C:/Users/enlil/Desktop/AI Combat OSRS/src/main/java/combat/EquipmentManager.java:[222,36] cannot find symbol
[ERROR]   symbol:   variable EquipmentSlot
[ERROR]   location: class org.dreambot.api.methods.container.impl.equipment.Equipment
[ERROR] /C:/Users/enlil/Desktop/AI Combat OSRS/src/main/java/combat/EquipmentManager.java:[221,36] cannot find symbol
[ERROR]   symbol:   variable EquipmentSlot
[ERROR]   location: class org.dreambot.api.methods.container.impl.equipment.Equipment
[ERROR] /C:/Users/enlil/Desktop/AI Combat OSRS/src/main/java/combat/EquipmentManager.java:[220,36] cannot find symbol
[ERROR]   symbol:   variable EquipmentSlot
[ERROR]   location: class org.dreambot.api.methods.container.impl.equipment.Equipment
[ERROR] /C:/Users/enlil/Desktop/AI Combat OSRS/src/main/java/combat/EquipmentManager.java:[219,36] cannot find symbol
[ERROR]   symbol:   variable EquipmentSlot
[ERROR]   location: class org.dreambot.api.methods.container.impl.equipment.Equipment
[ERROR] /C:/Users/enlil/Desktop/AI Combat OSRS/src/main/java/combat/EquipmentManager.java:[218,36] cannot find symbol
[ERROR]   symbol:   variable EquipmentSlot
[ERROR]   location: class org.dreambot.api.methods.container.impl.equipment.Equipment
[ERROR] /C:/Users/enlil/Desktop/AI Combat OSRS/src/main/java/combat/EquipmentManager.java:[217,36] cannot find symbol
[ERROR]   symbol:   variable EquipmentSlot
[ERROR]   location: class org.dreambot.api.methods.container.impl.equipment.Equipment
[ERROR] /C:/Users/enlil/Desktop/AI Combat OSRS/src/main/java/combat/EquipmentManager.java:[238,36] cannot find symbol
[ERROR]   symbol:   variable EquipmentSlot
[ERROR]   location: class org.dreambot.api.methods.container.impl.equipment.Equipment
[ERROR] /C:/Users/enlil/Desktop/AI Combat OSRS/src/main/java/combat/EquipmentManager.java:[237,36] cannot find symbol
[ERROR]   symbol:   variable EquipmentSlot
[ERROR]   location: class org.dreambot.api.methods.container.impl.equipment.Equipment
[ERROR] /C:/Users/enlil/Desktop/AI Combat OSRS/src/main/java/combat/EquipmentManager.java:[236,36] cannot find symbol
[ERROR]   symbol:   variable EquipmentSlot
[ERROR]   location: class org.dreambot.api.methods.container.impl.equipment.Equipment
[ERROR] /C:/Users/enlil/Desktop/AI Combat OSRS/src/main/java/combat/EquipmentManager.java:[235,36] cannot find symbol
[ERROR]   symbol:   variable EquipmentSlot
[ERROR]   location: class org.dreambot.api.methods.container.impl.equipment.Equipment
[ERROR] /C:/Users/enlil/Desktop/AI Combat OSRS/src/main/java/combat/EquipmentManager.java:[234,36] cannot find symbol
[ERROR]   symbol:   variable EquipmentSlot
[ERROR]   location: class org.dreambot.api.methods.container.impl.equipment.Equipment
[ERROR] /C:/Users/enlil/Desktop/AI Combat OSRS/src/main/java/combat/EquipmentManager.java:[233,36] cannot find symbol
[ERROR]   symbol:   variable EquipmentSlot
[ERROR]   location: class org.dreambot.api.methods.container.impl.equipment.Equipment
[ERROR] /C:/Users/enlil/Desktop/AI Combat OSRS/src/main/java/combat/EquipmentManager.java:[242,57] cannot find symbol
[ERROR]   symbol:   variable MAGIC_SPELL
[ERROR]   location: class combat.CombatStyleManager.CombatStyle
[ERROR] /C:/Users/enlil/Desktop/AI Combat OSRS/src/main/java/combat/EquipmentManager.java:[314,33] cannot find symbol
[ERROR]   symbol:   class EquipmentSlot
[ERROR]   location: class org.dreambot.api.methods.container.impl.equipment.Equipment
[ERROR] /C:/Users/enlil/Desktop/AI Combat OSRS/src/main/java/combat/EquipmentManager.java:[315,22] cannot find symbol
[ERROR]   symbol:   class EquipmentSlot
[ERROR]   location: class org.dreambot.api.methods.container.impl.equipment.Equipment
[ERROR] /C:/Users/enlil/Desktop/AI Combat OSRS/src/main/java/combat/EquipmentManager.java:[336,31] no suitable method found for equip(java.lang.String)
[ERROR]     method org.dreambot.api.methods.container.impl.equipment.Equipment.equip(org.dreambot.api.methods.container.impl.equipment.EquipmentSlot,java.lang.Integer...) is not applicable
[ERROR]       (argument mismatch; java.lang.String cannot be converted to org.dreambot.api.methods.container.impl.equipment.EquipmentSlot)
[ERROR]     method org.dreambot.api.methods.container.impl.equipment.Equipment.equip(org.dreambot.api.methods.container.impl.equipment.EquipmentSlot,java.lang.String...) is not applicable
[ERROR]       (argument mismatch; java.lang.String cannot be converted to org.dreambot.api.methods.container.impl.equipment.EquipmentSlot)
[ERROR] /C:/Users/enlil/Desktop/AI Combat OSRS/src/main/java/combat/EquipmentManager.java:[392,33] cannot find symbol
[ERROR]   symbol:   class EquipmentSlot
[ERROR]   location: class org.dreambot.api.methods.container.impl.equipment.Equipment
[ERROR] /C:/Users/enlil/Desktop/AI Combat OSRS/src/main/java/combat/EquipmentManager.java:[393,22] cannot find symbol
[ERROR]   symbol:   class EquipmentSlot
[ERROR]   location: class org.dreambot.api.methods.container.impl.equipment.Equipment
[ERROR] /C:/Users/enlil/Desktop/AI Combat OSRS/src/main/java/combat/EquipmentManager.java:[409,56] cannot find symbol
[ERROR]   symbol:   variable EquipmentSlot
[ERROR]   location: class org.dreambot.api.methods.container.impl.equipment.Equipment
[ERROR] /C:/Users/enlil/Desktop/AI Combat OSRS/src/main/java/combat/EquipmentManager.java:[470,33] cannot find symbol
[ERROR]   symbol:   method getCombatLevel()
[ERROR]   location: class org.dreambot.api.methods.skills.Skills
[ERROR] /C:/Users/enlil/Desktop/AI Combat OSRS/src/main/java/gui/CombatGUI.java:[100,47] cannot find symbol
[ERROR]   symbol:   method getSystemLookAndFeel()
[ERROR]   location: class javax.swing.UIManager
[ERROR] /C:/Users/enlil/Desktop/AI Combat OSRS/src/main/java/gui/CombatGUI.java:[116,56] incompatible types: javax.swing.JLabel cannot be converted to javax.swing.Icon
[ERROR] /C:/Users/enlil/Desktop/AI Combat OSRS/src/main/java/gui/CombatGUI.java:[117,57] incompatible types: javax.swing.JLabel cannot be converted to javax.swing.Icon
[ERROR] /C:/Users/enlil/Desktop/AI Combat OSRS/src/main/java/gui/CombatGUI.java:[118,57] incompatible types: javax.swing.JLabel cannot be converted to javax.swing.Icon
[ERROR] /C:/Users/enlil/Desktop/AI Combat OSRS/src/main/java/gui/CombatGUI.java:[119,58] incompatible types: javax.swing.JLabel cannot be converted to javax.swing.Icon
[ERROR] /C:/Users/enlil/Desktop/AI Combat OSRS/src/main/java/gui/CombatGUI.java:[120,60] incompatible types: javax.swing.JLabel cannot be converted to javax.swing.Icon
[ERROR] /C:/Users/enlil/Desktop/AI Combat OSRS/src/main/java/gui/CombatGUI.java:[515,39] cannot find symbol
[ERROR]   symbol:   method getStatistics()
[ERROR]   location: variable combatStyleManager of type combat.CombatStyleManager
[ERROR] /C:/Users/enlil/Desktop/AI Combat OSRS/src/main/java/gui/CombatGUI.java:[533,35] cannot find symbol
[ERROR]   symbol:   method getStatistics()
[ERROR]   location: variable antiBanManager of type antiban.AntiBanManager
[ERROR] /C:/Users/enlil/Desktop/AI Combat OSRS/src/main/java/gui/CombatGUI.java:[649,24] cannot find symbol
[ERROR]   symbol:   method setBankingEnabled(boolean)
[ERROR]   location: variable bankManager of type economy.BankManager
[ERROR] /C:/Users/enlil/Desktop/AI Combat OSRS/src/main/java/gui/CombatGUI.java:[650,24] cannot find symbol
[ERROR]   symbol:   method setDepositJunkItems(boolean)
[ERROR]   location: variable bankManager of type economy.BankManager
[ERROR] /C:/Users/enlil/Desktop/AI Combat OSRS/src/main/java/gui/CombatGUI.java:[651,24] cannot find symbol
[ERROR]   symbol:   method setWithdrawFood(boolean)
[ERROR]   location: variable bankManager of type economy.BankManager
[ERROR] /C:/Users/enlil/Desktop/AI Combat OSRS/src/main/java/gui/CombatGUI.java:[652,24] cannot find symbol
[ERROR]   symbol:   method setWithdrawPotions(boolean)
[ERROR]   location: variable bankManager of type economy.BankManager
[ERROR] /C:/Users/enlil/Desktop/AI Combat OSRS/src/main/java/gui/CombatGUI.java:[653,24] cannot find symbol
[ERROR]   symbol:   method setMinFoodAmount(java.lang.Integer)
[ERROR]   location: variable bankManager of type economy.BankManager
[ERROR] /C:/Users/enlil/Desktop/AI Combat OSRS/src/main/java/gui/CombatGUI.java:[654,24] cannot find symbol
[ERROR]   symbol:   method setMaxFoodAmount(java.lang.Integer)
[ERROR]   location: variable bankManager of type economy.BankManager
[ERROR] /C:/Users/enlil/Desktop/AI Combat OSRS/src/main/java/gui/CombatGUI.java:[655,24] cannot find symbol
[ERROR]   symbol:   method setMinPotionAmount(java.lang.Integer)
[ERROR]   location: variable bankManager of type economy.BankManager
[ERROR] /C:/Users/enlil/Desktop/AI Combat OSRS/src/main/java/gui/CombatGUI.java:[719,59] cannot find symbol
[ERROR]   symbol:   method resetStatistics()
[ERROR]   location: variable combatStyleManager of type combat.CombatStyleManager
[ERROR] /C:/Users/enlil/Desktop/AI Combat OSRS/src/main/java/gui/CombatGUI.java:[722,51] cannot find symbol
[ERROR]   symbol:   method resetStatistics()
[ERROR]   location: variable antiBanManager of type antiban.AntiBanManager
[ERROR] /C:/Users/enlil/Desktop/AI Combat OSRS/src/main/java/economy/BankManager.java:[184,24] method getArea in enum org.dreambot.api.methods.container.impl.bank.BankLocation cannot be applied to given types;
[ERROR]   required: int
[ERROR]   found: no arguments
[ERROR]   reason: actual and formal argument lists differ in length
[ERROR] /C:/Users/enlil/Desktop/AI Combat OSRS/src/main/java/economy/BankManager.java:[184,51] cannot find symbol
[ERROR]   symbol:   method getPlayerLocation()
[ERROR]   location: class org.dreambot.api.methods.walking.impl.Walking
[ERROR] /C:/Users/enlil/Desktop/AI Combat OSRS/src/main/java/economy/BankManager.java:[191,37] method getArea in enum org.dreambot.api.methods.container.impl.bank.BankLocation cannot be applied to given types;
[ERROR]   required: int
[ERROR]   found: no arguments
[ERROR]   reason: actual and formal argument lists differ in length
[ERROR] /C:/Users/enlil/Desktop/AI Combat OSRS/src/main/java/economy/BankManager.java:[192,54] method getArea in enum org.dreambot.api.methods.container.impl.bank.BankLocation cannot be applied to given types;
[ERROR]   required: int
[ERROR]   found: no arguments
[ERROR]   reason: actual and formal argument lists differ in length
[ERROR] /C:/Users/enlil/Desktop/AI Combat OSRS/src/main/java/economy/BankManager.java:[192,81] cannot find symbol
[ERROR]   symbol:   method getPlayerLocation()
[ERROR]   location: class org.dreambot.api.methods.walking.impl.Walking
[ERROR] /C:/Users/enlil/Desktop/AI Combat OSRS/src/main/java/economy/BankManager.java:[411,56] cannot find symbol
[ERROR]   symbol:   variable EquipmentSlot
[ERROR]   location: class org.dreambot.api.methods.container.impl.equipment.Equipment
[ERROR] /C:/Users/enlil/Desktop/AI Combat OSRS/src/main/java/economy/BankManager.java:[425,56] cannot find symbol
[ERROR]   symbol:   variable EquipmentSlot
[ERROR]   location: class org.dreambot.api.methods.container.impl.equipment.Equipment
[ERROR] /C:/Users/enlil/Desktop/AI Combat OSRS/src/main/java/scripts/AICombatScript.java:[114,24] constructor CombatEngine in class core.CombatEngine cannot be applied to given types;
[ERROR]   required: no arguments
[ERROR]   found: combat.CombatStyleManager,combat.TargetSelector
[ERROR]   reason: actual and formal argument lists differ in length
[ERROR] /C:/Users/enlil/Desktop/AI Combat OSRS/src/main/java/scripts/AICombatScript.java:[142,35] cannot find symbol
[ERROR]   symbol:   method setCurrentStyle(java.lang.String)
[ERROR]   location: variable combatStyleManager of type combat.CombatStyleManager
[ERROR] /C:/Users/enlil/Desktop/AI Combat OSRS/src/main/java/scripts/AICombatScript.java:[146,28] cannot find symbol
[ERROR]   symbol:   method setEnabled(java.lang.Boolean)
[ERROR]   location: variable bankManager of type economy.BankManager
[ERROR] /C:/Users/enlil/Desktop/AI Combat OSRS/src/main/java/scripts/AICombatScript.java:[162,28] cannot find symbol
[ERROR]   symbol:   method needsToBank()
[ERROR]   location: variable bankManager of type economy.BankManager
[ERROR] /C:/Users/enlil/Desktop/AI Combat OSRS/src/main/java/scripts/AICombatScript.java:[164,32] cannot find symbol
[ERROR]   symbol:   method handleBanking()
[ERROR]   location: variable bankManager of type economy.BankManager
[ERROR] /C:/Users/enlil/Desktop/AI Combat OSRS/src/main/java/scripts/AICombatScript.java:[173,33] cannot find symbol
[ERROR]   symbol:   method needsEquipmentChange()
[ERROR]   location: variable equipmentManager of type combat.EquipmentManager
[ERROR] /C:/Users/enlil/Desktop/AI Combat OSRS/src/main/java/scripts/AICombatScript.java:[175,33] cannot find symbol
[ERROR]   symbol:   method switchToOptimalEquipment()
[ERROR]   location: variable equipmentManager of type combat.EquipmentManager
[ERROR] -> [Help 1]
[ERROR] 
[ERROR] To see the full stack trace of the errors, re-run Maven with the -e switch.
[ERROR] Re-run Maven using the -X switch to enable full debug logging.
[ERROR] 
[ERROR] For more information about the errors and possible solutions, please read the following articles:
[ERROR] [Help 1] http://cwiki.apache.org/confluence/display/MAVEN/MojoFailureException
